interactions:
- request:
    body: '{"jsonrpc": "2.0", "id": 31, "method": "alive", "params": {"sid": "edaEO1a8GaMPh5gEEJb7w7gCiul9Q7LS"}}'
    headers:
      Accept:
      - '*/*'
      Accept-Encoding:
      - gzip, deflate
      Connection:
      - keep-alive
      Content-Length:
      - '102'
      Content-Type:
      - application/json
      Cookie:
      - Admin-Token=edaEO1a8GaMPh5gEEJb7w7gCiul9Q7LS
      User-Agent:
      - python-requests/2.28.1
    method: POST
    uri: https://192.168.8.1/rpc
  response:
    body:
      string: '{"id":31,"jsonrpc":"2.0","result":null}

        '
    headers:
      Connection:
      - close
      Content-Type:
      - application/octet-stream
      Date:
      - Mon, 22 Aug 2022 10:22:50 GMT
      Server:
      - nginx/1.17.7
      Transfer-Encoding:
      - chunked
    status:
      code: 200
      message: OK
- request:
    body: '{"jsonrpc": "2.0", "id": 32, "method": "alive", "params": {"sid": "edaEO1a8GaMPh5gEEJb7w7gCiul9Q7LS"}}'
    headers:
      Accept:
      - '*/*'
      Accept-Encoding:
      - gzip, deflate
      Connection:
      - keep-alive
      Content-Length:
      - '102'
      Content-Type:
      - application/json
      Cookie:
      - Admin-Token=edaEO1a8GaMPh5gEEJb7w7gCiul9Q7LS
      User-Agent:
      - python-requests/2.28.1
    method: POST
    uri: https://192.168.8.1/rpc
  response:
    body:
      string: '{"id":32,"jsonrpc":"2.0","result":null}

        '
    headers:
      Connection:
      - close
      Content-Type:
      - application/octet-stream
      Date:
      - Mon, 22 Aug 2022 10:22:50 GMT
      Server:
      - nginx/1.17.7
      Transfer-Encoding:
      - chunked
    status:
      code: 200
      message: OK
- request:
    body: '{"jsonrpc": "2.0", "id": 33, "method": "alive", "params": {"sid": "edaEO1a8GaMPh5gEEJb7w7gCiul9Q7LS"}}'
    headers:
      Accept:
      - '*/*'
      Accept-Encoding:
      - gzip, deflate
      Connection:
      - keep-alive
      Content-Length:
      - '102'
      Content-Type:
      - application/json
      Cookie:
      - Admin-Token=edaEO1a8GaMPh5gEEJb7w7gCiul9Q7LS
      User-Agent:
      - python-requests/2.28.1
    method: POST
    uri: https://192.168.8.1/rpc
  response:
    body:
      string: '{"id":33,"jsonrpc":"2.0","result":null}

        '
    headers:
      Connection:
      - close
      Content-Type:
      - application/octet-stream
      Date:
      - Mon, 22 Aug 2022 10:22:50 GMT
      Server:
      - nginx/1.17.7
      Transfer-Encoding:
      - chunked
    status:
      code: 200
      message: OK
- request:
    body: '{"jsonrpc": "2.0", "id": 34, "method": "alive", "params": {"sid": "edaEO1a8GaMPh5gEEJb7w7gCiul9Q7LS"}}'
    headers:
      Accept:
      - '*/*'
      Accept-Encoding:
      - gzip, deflate
      Connection:
      - keep-alive
      Content-Length:
      - '102'
      Content-Type:
      - application/json
      Cookie:
      - Admin-Token=edaEO1a8GaMPh5gEEJb7w7gCiul9Q7LS
      User-Agent:
      - python-requests/2.28.1
    method: POST
    uri: https://192.168.8.1/rpc
  response:
    body:
      string: '{"id":34,"jsonrpc":"2.0","result":null}

        '
    headers:
      Connection:
      - close
      Content-Type:
      - application/octet-stream
      Date:
      - Mon, 22 Aug 2022 10:22:51 GMT
      Server:
      - nginx/1.17.7
      Transfer-Encoding:
      - chunked
    status:
      code: 200
      message: OK
- request:
    body: '{"jsonrpc": "2.0", "id": 35, "method": "alive", "params": {"sid": "edaEO1a8GaMPh5gEEJb7w7gCiul9Q7LS"}}'
    headers:
      Accept:
      - '*/*'
      Accept-Encoding:
      - gzip, deflate
      Connection:
      - keep-alive
      Content-Length:
      - '102'
      Content-Type:
      - application/json
      Cookie:
      - Admin-Token=edaEO1a8GaMPh5gEEJb7w7gCiul9Q7LS
      User-Agent:
      - python-requests/2.28.1
    method: POST
    uri: https://192.168.8.1/rpc
  response:
    body:
      string: '{"id":35,"jsonrpc":"2.0","result":null}

        '
    headers:
      Connection:
      - close
      Content-Type:
      - application/octet-stream
      Date:
      - Mon, 22 Aug 2022 10:22:51 GMT
      Server:
      - nginx/1.17.7
      Transfer-Encoding:
      - chunked
    status:
      code: 200
      message: OK
- request:
    body: '{"jsonrpc": "2.0", "id": 36, "method": "call", "params": ["edaEO1a8GaMPh5gEEJb7w7gCiul9Q7LS",
      "clients", "get_status"]}'
    headers:
      Accept:
      - '*/*'
      Accept-Encoding:
      - gzip, deflate
      Connection:
      - keep-alive
      Content-Length:
      - '119'
      Content-Type:
      - application/json
      Cookie:
      - Admin-Token=edaEO1a8GaMPh5gEEJb7w7gCiul9Q7LS
      User-Agent:
      - python-requests/2.28.1
    method: POST
    uri: https://192.168.8.1/rpc
  response:
    body:
      string: '{"id":36,"jsonrpc":"2.0","result":{"cable_total":0,"wireless_total":1}}

        '
    headers:
      Connection:
      - close
      Content-Type:
      - application/octet-stream
      Date:
      - Mon, 22 Aug 2022 10:22:51 GMT
      Server:
      - nginx/1.17.7
      Transfer-Encoding:
      - chunked
    status:
      code: 200
      message: OK
- request:
    body: '{"jsonrpc": "2.0", "id": 37, "method": "alive", "params": {"sid": "edaEO1a8GaMPh5gEEJb7w7gCiul9Q7LS"}}'
    headers:
      Accept:
      - '*/*'
      Accept-Encoding:
      - gzip, deflate
      Connection:
      - keep-alive
      Content-Length:
      - '102'
      Content-Type:
      - application/json
      Cookie:
      - Admin-Token=edaEO1a8GaMPh5gEEJb7w7gCiul9Q7LS
      User-Agent:
      - python-requests/2.28.1
    method: POST
    uri: https://192.168.8.1/rpc
  response:
    body:
      string: '{"id":37,"jsonrpc":"2.0","result":null}

        '
    headers:
      Connection:
      - close
      Content-Type:
      - application/octet-stream
      Date:
      - Mon, 22 Aug 2022 10:22:51 GMT
      Server:
      - nginx/1.17.7
      Transfer-Encoding:
      - chunked
    status:
      code: 200
      message: OK
- request:
    body: '{"jsonrpc": "2.0", "id": 38, "method": "call", "params": ["edaEO1a8GaMPh5gEEJb7w7gCiul9Q7LS",
      "clients", "get_status"]}'
    headers:
      Accept:
      - '*/*'
      Accept-Encoding:
      - gzip, deflate
      Connection:
      - keep-alive
      Content-Length:
      - '119'
      Content-Type:
      - application/json
      Cookie:
      - Admin-Token=edaEO1a8GaMPh5gEEJb7w7gCiul9Q7LS
      User-Agent:
      - python-requests/2.28.1
    method: POST
    uri: https://192.168.8.1/rpc
  response:
    body:
      string: '{"id":38,"jsonrpc":"2.0","result":{"cable_total":0,"wireless_total":1}}

        '
    headers:
      Connection:
      - close
      Content-Type:
      - application/octet-stream
      Date:
      - Mon, 22 Aug 2022 10:22:51 GMT
      Server:
      - nginx/1.17.7
      Transfer-Encoding:
      - chunked
    status:
      code: 200
      message: OK
- request:
    body: '{"jsonrpc": "2.0", "id": 39, "method": "alive", "params": {"sid": "edaEO1a8GaMPh5gEEJb7w7gCiul9Q7LS"}}'
    headers:
      Accept:
      - '*/*'
      Accept-Encoding:
      - gzip, deflate
      Connection:
      - keep-alive
      Content-Length:
      - '102'
      Content-Type:
      - application/json
      Cookie:
      - Admin-Token=edaEO1a8GaMPh5gEEJb7w7gCiul9Q7LS
      User-Agent:
      - python-requests/2.28.1
    method: POST
    uri: https://192.168.8.1/rpc
  response:
    body:
      string: '{"id":39,"jsonrpc":"2.0","result":null}

        '
    headers:
      Connection:
      - close
      Content-Type:
      - application/octet-stream
      Date:
      - Mon, 22 Aug 2022 10:22:51 GMT
      Server:
      - nginx/1.17.7
      Transfer-Encoding:
      - chunked
    status:
      code: 200
      message: OK
- request:
    body: '{"jsonrpc": "2.0", "id": 40, "method": "alive", "params": {"sid": "edaEO1a8GaMPh5gEEJb7w7gCiul9Q7LS"}}'
    headers:
      Accept:
      - '*/*'
      Accept-Encoding:
      - gzip, deflate
      Connection:
      - keep-alive
      Content-Length:
      - '102'
      Content-Type:
      - application/json
      Cookie:
      - Admin-Token=edaEO1a8GaMPh5gEEJb7w7gCiul9Q7LS
      User-Agent:
      - python-requests/2.28.1
    method: POST
    uri: https://192.168.8.1/rpc
  response:
    body:
      string: '{"id":40,"jsonrpc":"2.0","result":null}

        '
    headers:
      Connection:
      - close
      Content-Type:
      - application/octet-stream
      Date:
      - Mon, 22 Aug 2022 10:22:51 GMT
      Server:
      - nginx/1.17.7
      Transfer-Encoding:
      - chunked
    status:
      code: 200
      message: OK
- request:
    body: '{"jsonrpc": "2.0", "id": 41, "method": "call", "params": ["edaEO1a8GaMPh5gEEJb7w7gCiul9Q7LS",
      "led", "set_config", {"led_enable": false}]}'
    headers:
      Accept:
      - '*/*'
      Accept-Encoding:
      - gzip, deflate
      Connection:
      - keep-alive
      Content-Length:
      - '138'
      Content-Type:
      - application/json
      Cookie:
      - Admin-Token=edaEO1a8GaMPh5gEEJb7w7gCiul9Q7LS
      User-Agent:
      - python-requests/2.28.1
    method: POST
    uri: https://192.168.8.1/rpc
  response:
    body:
      string: '{"id":41,"jsonrpc":"2.0","result":[]}

        '
    headers:
      Connection:
      - close
      Content-Type:
      - application/octet-stream
      Date:
      - Mon, 22 Aug 2022 10:22:51 GMT
      Server:
      - nginx/1.17.7
      Transfer-Encoding:
      - chunked
    status:
      code: 200
      message: OK
- request:
    body: '{"jsonrpc": "2.0", "id": 42, "method": "alive", "params": {"sid": "edaEO1a8GaMPh5gEEJb7w7gCiul9Q7LS"}}'
    headers:
      Accept:
      - '*/*'
      Accept-Encoding:
      - gzip, deflate
      Connection:
      - keep-alive
      Content-Length:
      - '102'
      Content-Type:
      - application/json
      Cookie:
      - Admin-Token=edaEO1a8GaMPh5gEEJb7w7gCiul9Q7LS
      User-Agent:
      - python-requests/2.28.1
    method: POST
    uri: https://192.168.8.1/rpc
  response:
    body:
      string: '{"id":42,"jsonrpc":"2.0","result":null}

        '
    headers:
      Connection:
      - close
      Content-Type:
      - application/octet-stream
      Date:
      - Mon, 22 Aug 2022 10:22:51 GMT
      Server:
      - nginx/1.17.7
      Transfer-Encoding:
      - chunked
    status:
      code: 200
      message: OK
- request:
    body: '{"jsonrpc": "2.0", "id": 43, "method": "alive", "params": {"sid": "edaEO1a8GaMPh5gEEJb7w7gCiul9Q7LS"}}'
    headers:
      Accept:
      - '*/*'
      Accept-Encoding:
      - gzip, deflate
      Connection:
      - keep-alive
      Content-Length:
      - '102'
      Content-Type:
      - application/json
      Cookie:
      - Admin-Token=edaEO1a8GaMPh5gEEJb7w7gCiul9Q7LS
      User-Agent:
      - python-requests/2.28.1
    method: POST
    uri: https://192.168.8.1/rpc
  response:
    body:
      string: '{"id":43,"jsonrpc":"2.0","result":null}

        '
    headers:
      Connection:
      - close
      Content-Type:
      - application/octet-stream
      Date:
      - Mon, 22 Aug 2022 10:22:51 GMT
      Server:
      - nginx/1.17.7
      Transfer-Encoding:
      - chunked
    status:
      code: 200
      message: OK
- request:
    body: '{"jsonrpc": "2.0", "id": 44, "method": "call", "params": ["edaEO1a8GaMPh5gEEJb7w7gCiul9Q7LS",
      "led", "get_config"]}'
    headers:
      Accept:
      - '*/*'
      Accept-Encoding:
      - gzip, deflate
      Connection:
      - keep-alive
      Content-Length:
      - '115'
      Content-Type:
      - application/json
      Cookie:
      - Admin-Token=edaEO1a8GaMPh5gEEJb7w7gCiul9Q7LS
      User-Agent:
      - python-requests/2.28.1
    method: POST
    uri: https://192.168.8.1/rpc
  response:
    body:
      string: '{"id":44,"jsonrpc":"2.0","result":{"led_enable":false}}

        '
    headers:
      Connection:
      - close
      Content-Type:
      - application/octet-stream
      Date:
      - Mon, 22 Aug 2022 10:22:51 GMT
      Server:
      - nginx/1.17.7
      Transfer-Encoding:
      - chunked
    status:
      code: 200
      message: OK
- request:
    body: '{"jsonrpc": "2.0", "id": 45, "method": "alive", "params": {"sid": "edaEO1a8GaMPh5gEEJb7w7gCiul9Q7LS"}}'
    headers:
      Accept:
      - '*/*'
      Accept-Encoding:
      - gzip, deflate
      Connection:
      - keep-alive
      Content-Length:
      - '102'
      Content-Type:
      - application/json
      Cookie:
      - Admin-Token=edaEO1a8GaMPh5gEEJb7w7gCiul9Q7LS
      User-Agent:
      - python-requests/2.28.1
    method: POST
    uri: https://192.168.8.1/rpc
  response:
    body:
      string: '{"id":45,"jsonrpc":"2.0","result":null}

        '
    headers:
      Connection:
      - close
      Content-Type:
      - application/octet-stream
      Date:
      - Mon, 22 Aug 2022 10:22:51 GMT
      Server:
      - nginx/1.17.7
      Transfer-Encoding:
      - chunked
    status:
      code: 200
      message: OK
- request:
    body: '{"jsonrpc": "2.0", "id": 46, "method": "alive", "params": {"sid": "edaEO1a8GaMPh5gEEJb7w7gCiul9Q7LS"}}'
    headers:
      Accept:
      - '*/*'
      Accept-Encoding:
      - gzip, deflate
      Connection:
      - keep-alive
      Content-Length:
      - '102'
      Content-Type:
      - application/json
      Cookie:
      - Admin-Token=edaEO1a8GaMPh5gEEJb7w7gCiul9Q7LS
      User-Agent:
      - python-requests/2.28.1
    method: POST
    uri: https://192.168.8.1/rpc
  response:
    body:
      string: '{"id":46,"jsonrpc":"2.0","result":null}

        '
    headers:
      Connection:
      - close
      Content-Type:
      - application/octet-stream
      Date:
      - Mon, 22 Aug 2022 10:22:51 GMT
      Server:
      - nginx/1.17.7
      Transfer-Encoding:
      - chunked
    status:
      code: 200
      message: OK
- request:
    body: '{"jsonrpc": "2.0", "id": 47, "method": "call", "params": ["edaEO1a8GaMPh5gEEJb7w7gCiul9Q7LS",
      "led", "set_config", {"led_enable": true}]}'
    headers:
      Accept:
      - '*/*'
      Accept-Encoding:
      - gzip, deflate
      Connection:
      - keep-alive
      Content-Length:
      - '137'
      Content-Type:
      - application/json
      Cookie:
      - Admin-Token=edaEO1a8GaMPh5gEEJb7w7gCiul9Q7LS
      User-Agent:
      - python-requests/2.28.1
    method: POST
    uri: https://192.168.8.1/rpc
  response:
    body:
      string: '{"id":47,"jsonrpc":"2.0","result":[]}

        '
    headers:
      Connection:
      - close
      Content-Type:
      - application/octet-stream
      Date:
      - Mon, 22 Aug 2022 10:22:51 GMT
      Server:
      - nginx/1.17.7
      Transfer-Encoding:
      - chunked
    status:
      code: 200
      message: OK
- request:
    body: '{"jsonrpc": "2.0", "id": 48, "method": "alive", "params": {"sid": "edaEO1a8GaMPh5gEEJb7w7gCiul9Q7LS"}}'
    headers:
      Accept:
      - '*/*'
      Accept-Encoding:
      - gzip, deflate
      Connection:
      - keep-alive
      Content-Length:
      - '102'
      Content-Type:
      - application/json
      Cookie:
      - Admin-Token=edaEO1a8GaMPh5gEEJb7w7gCiul9Q7LS
      User-Agent:
      - python-requests/2.28.1
    method: POST
    uri: https://192.168.8.1/rpc
  response:
    body:
      string: '{"id":48,"jsonrpc":"2.0","result":null}

        '
    headers:
      Connection:
      - close
      Content-Type:
      - application/octet-stream
      Date:
      - Mon, 22 Aug 2022 10:22:51 GMT
      Server:
      - nginx/1.17.7
      Transfer-Encoding:
      - chunked
    status:
      code: 200
      message: OK
- request:
    body: '{"jsonrpc": "2.0", "id": 49, "method": "alive", "params": {"sid": "edaEO1a8GaMPh5gEEJb7w7gCiul9Q7LS"}}'
    headers:
      Accept:
      - '*/*'
      Accept-Encoding:
      - gzip, deflate
      Connection:
      - keep-alive
      Content-Length:
      - '102'
      Content-Type:
      - application/json
      Cookie:
      - Admin-Token=edaEO1a8GaMPh5gEEJb7w7gCiul9Q7LS
      User-Agent:
      - python-requests/2.28.1
    method: POST
    uri: https://192.168.8.1/rpc
  response:
    body:
      string: '{"id":49,"jsonrpc":"2.0","result":null}

        '
    headers:
      Connection:
      - close
      Content-Type:
      - application/octet-stream
      Date:
      - Mon, 22 Aug 2022 10:22:51 GMT
      Server:
      - nginx/1.17.7
      Transfer-Encoding:
      - chunked
    status:
      code: 200
      message: OK
- request:
    body: '{"jsonrpc": "2.0", "id": 50, "method": "call", "params": ["edaEO1a8GaMPh5gEEJb7w7gCiul9Q7LS",
      "led", "get_config"]}'
    headers:
      Accept:
      - '*/*'
      Accept-Encoding:
      - gzip, deflate
      Connection:
      - keep-alive
      Content-Length:
      - '115'
      Content-Type:
      - application/json
      Cookie:
      - Admin-Token=edaEO1a8GaMPh5gEEJb7w7gCiul9Q7LS
      User-Agent:
      - python-requests/2.28.1
    method: POST
    uri: https://192.168.8.1/rpc
  response:
    body:
      string: '{"id":50,"jsonrpc":"2.0","result":{"led_enable":true}}

        '
    headers:
      Connection:
      - close
      Content-Type:
      - application/octet-stream
      Date:
      - Mon, 22 Aug 2022 10:22:51 GMT
      Server:
      - nginx/1.17.7
      Transfer-Encoding:
      - chunked
    status:
      code: 200
      message: OK
version: 1
