interactions:
- request:
    body: '{"jsonrpc": "2.0", "id": 28, "method": "challenge", "params": {"username":
      "root"}}'
    headers:
      Accept:
      - '*/*'
      Accept-Encoding:
      - gzip, deflate
      Connection:
      - keep-alive
      Content-Length:
      - '83'
      Content-Type:
      - application/json
      User-Agent:
      - python-requests/2.28.1
    method: POST
    uri: https://192.168.8.1/rpc
  response:
    body:
      string: '{"id":28,"jsonrpc":"2.0","result":{"salt":"37784Ahz","alg":1,"nonce":"I1dmpdEt8a7BogynCDXzfxsp9UlhARAR"}}

        '
    headers:
      Connection:
      - close
      Content-Type:
      - application/octet-stream
      Date:
      - Mon, 22 Aug 2022 10:31:54 GMT
      Server:
      - nginx/1.17.7
      Transfer-Encoding:
      - chunked
    status:
      code: 200
      message: OK
- request:
    body: '{"jsonrpc": "2.0", "id": 29, "method": "challenge", "params": {"username":
      "root"}}'
    headers:
      Accept:
      - '*/*'
      Accept-Encoding:
      - gzip, deflate
      Connection:
      - keep-alive
      Content-Length:
      - '83'
      Content-Type:
      - application/json
      User-Agent:
      - python-requests/2.28.1
    method: POST
    uri: https://192.168.8.1/rpc
  response:
    body:
      string: '{"id":29,"jsonrpc":"2.0","result":{"salt":"37784Ahz","alg":1,"nonce":"TgLlST51j59Qlg5ztRFfaR0RflWzCsLu"}}

        '
    headers:
      Connection:
      - close
      Content-Type:
      - application/octet-stream
      Date:
      - Mon, 22 Aug 2022 10:31:54 GMT
      Server:
      - nginx/1.17.7
      Transfer-Encoding:
      - chunked
    status:
      code: 200
      message: OK
- request:
    body: '{"jsonrpc": "2.0", "id": 30, "method": "login", "params": {"username":
      "root", "hash": "bc0cada2a39a68eb8f6735b0b272f956"}}'
    headers:
      Accept:
      - '*/*'
      Accept-Encoding:
      - gzip, deflate
      Connection:
      - keep-alive
      Content-Length:
      - '123'
      Content-Type:
      - application/json
      User-Agent:
      - python-requests/2.28.1
    method: POST
    uri: https://192.168.8.1/rpc
  response:
    body:
      string: '{"id":30,"jsonrpc":"2.0","result":{"username":"root","sid":"DremzOB8L7eeP8W6YmRsP4IjTjUQbNcP"}}

        '
    headers:
      Connection:
      - close
      Content-Type:
      - application/octet-stream
      Date:
      - Mon, 22 Aug 2022 10:31:54 GMT
      Server:
      - nginx/1.17.7
      Set-Cookie:
      - Admin-Token=DremzOB8L7eeP8W6YmRsP4IjTjUQbNcP
      Transfer-Encoding:
      - chunked
    status:
      code: 200
      message: OK
- request:
    body: '{"jsonrpc": "2.0", "id": 0, "method": "challenge", "params": {"username":
      "root"}}'
    headers:
      Accept:
      - '*/*'
      Accept-Encoding:
      - gzip, deflate
      Connection:
      - keep-alive
      Content-Length:
      - '82'
      Content-Type:
      - application/json
      User-Agent:
      - python-requests/2.28.1
    method: POST
    uri: https://192.168.8.1/rpc
  response:
    body:
      string: '{"id":0,"jsonrpc":"2.0","result":{"salt":"37784Ahz","alg":1,"nonce":"qW6nXJS6C0r1plONmM50VRhUgQrCgMPo"}}

        '
    headers:
      Connection:
      - close
      Content-Type:
      - application/octet-stream
      Date:
      - Mon, 22 Aug 2022 10:31:54 GMT
      Server:
      - nginx/1.17.7
      Transfer-Encoding:
      - chunked
    status:
      code: 200
      message: OK
- request:
    body: '{"jsonrpc": "2.0", "id": 1, "method": "challenge", "params": {"username":
      "root"}}'
    headers:
      Accept:
      - '*/*'
      Accept-Encoding:
      - gzip, deflate
      Connection:
      - keep-alive
      Content-Length:
      - '82'
      Content-Type:
      - application/json
      User-Agent:
      - python-requests/2.28.1
    method: POST
    uri: https://192.168.8.1/rpc
  response:
    body:
      string: '{"id":1,"jsonrpc":"2.0","result":{"salt":"37784Ahz","alg":1,"nonce":"uRQw3yPKuJhAln0gO3YMDQYOUCReEVQ1"}}

        '
    headers:
      Connection:
      - close
      Content-Type:
      - application/octet-stream
      Date:
      - Mon, 22 Aug 2022 10:31:54 GMT
      Server:
      - nginx/1.17.7
      Transfer-Encoding:
      - chunked
    status:
      code: 200
      message: OK
- request:
    body: '{"jsonrpc": "2.0", "id": 2, "method": "login", "params": {"username": "root",
      "hash": "ebc488de67e4f83bf4b7bc6fa1b8565b"}}'
    headers:
      Accept:
      - '*/*'
      Accept-Encoding:
      - gzip, deflate
      Connection:
      - keep-alive
      Content-Length:
      - '122'
      Content-Type:
      - application/json
      User-Agent:
      - python-requests/2.28.1
    method: POST
    uri: https://192.168.8.1/rpc
  response:
    body:
      string: '{"id":2,"jsonrpc":"2.0","error":{"message":"Access denied","code":-32000}}

        '
    headers:
      Connection:
      - close
      Content-Type:
      - application/octet-stream
      Date:
      - Mon, 22 Aug 2022 10:31:54 GMT
      Server:
      - nginx/1.17.7
      Transfer-Encoding:
      - chunked
    status:
      code: 200
      message: OK
version: 1
